base segment: 7,120,879,616 tokens
sampling 1/64 of fact types; context widths [0, 8, 16, 32]

=== A. exact ===
masked runs (fact-value occurrences): 61,453,327
masked tokens                       : 1,453,989,440 (20.419% of base)
mean span                           : 23.66 tokens

span length histogram (tokens, 64+ collapsed):
   16       2,042,178    3.32%
   17      10,628,840   17.30%
   18      15,018,059   24.44%
   19       3,322,333    5.41%
   20       3,811,784    6.20%
   21       2,816,587    4.58%
   22       1,491,870    2.43%
   23       1,034,341    1.68%
   24         698,955    1.14%
   25         477,204    0.78%
   26         333,172    0.54%
   27         218,357    0.36%
   28         143,323    0.23%
   29          94,060    0.15%
   30          62,922    0.10%
   32         116,116    0.19%
   33       1,918,450    3.12%
   34       8,036,270   13.08%
   35       7,749,122   12.61%
   36       1,344,228    2.19%

positional density (64 buckets across the base segment, runs per bucket):
    0.0-  3.1%             0 
    3.1-  6.2%       896,717 #############
    6.2-  9.4%     2,193,758 #################################
    9.4- 12.5%     1,898,865 #############################
   12.5- 15.6%     1,899,800 #############################
   15.6- 18.8%     1,558,624 #######################
   18.8- 21.9%     1,468,651 ######################
   21.9- 25.0%     1,470,856 ######################
   25.0- 28.1%     1,442,660 ######################
   28.1- 31.2%     1,465,177 ######################
   31.2- 34.4%     1,470,711 ######################
   34.4- 37.5%     1,584,381 ########################
   37.5- 40.6%     1,979,637 ##############################
   40.6- 43.8%     1,916,506 #############################
   43.8- 46.9%     1,931,856 #############################
   46.9- 50.0%     1,916,720 #############################
   50.0- 53.1%     2,579,417 #######################################
   53.1- 56.2%     2,583,446 #######################################
   56.2- 59.4%     2,588,156 #######################################
   59.4- 62.5%     2,599,169 #######################################
   62.5- 65.6%     2,239,849 ##################################
   65.6- 68.8%     2,245,837 ##################################
   68.8- 71.9%     2,244,332 ##################################
   71.9- 75.0%     2,256,277 ##################################
   75.0- 78.1%     2,255,468 ##################################
   78.1- 81.2%     2,189,235 #################################
   81.2- 84.4%     2,093,333 ################################
   84.4- 87.5%     2,090,474 ################################
   87.5- 90.6%     2,097,357 ################################
   90.6- 93.8%     2,101,173 ################################
   93.8- 96.9%     2,096,886 ################################
   96.9-100.0%     2,097,999 ################################

=== B. estimated exposures per fact ===

context width 0 tokens
  sampled distinct facts : 525,338   -> ~33,621,632 in the base segment
  exposures/fact mean    : 1.55
  median / p90 / p99     : 1 / 2 / 4
  min / max              : 1 / 15407
  distribution:
       1 exposure(s):      468,729   89.22%
       2 exposure(s):       42,013    8.00%
       3 exposure(s):        8,059    1.53%
       4 exposure(s):        1,393    0.27%
       5 exposure(s):          675    0.13%
       6 exposure(s):          567    0.11%
       7 exposure(s):          473    0.09%
       8 exposure(s):          387    0.07%
       9 exposure(s):          300    0.06%
      10 exposure(s):          203    0.04%
      11 exposure(s):          182    0.03%
      12 exposure(s):          148    0.03%
    >12 exposures :        2,209    0.42%

context width 8 tokens
  sampled distinct facts : 580,733   -> ~37,166,912 in the base segment
  exposures/fact mean    : 1.40
  median / p90 / p99     : 1 / 1 / 4
  min / max              : 1 / 12494
  distribution:
       1 exposure(s):      563,655   97.06%
       2 exposure(s):        8,381    1.44%
       3 exposure(s):        1,883    0.32%
       4 exposure(s):        1,163    0.20%
       5 exposure(s):          892    0.15%
       6 exposure(s):          703    0.12%
       7 exposure(s):          528    0.09%
       8 exposure(s):          426    0.07%
       9 exposure(s):          310    0.05%
      10 exposure(s):          188    0.03%
      11 exposure(s):          194    0.03%
      12 exposure(s):          142    0.02%
    >12 exposures :        2,268    0.39%

context width 16 tokens
  sampled distinct facts : 642,202   -> ~41,100,928 in the base segment
  exposures/fact mean    : 1.27
  median / p90 / p99     : 1 / 1 / 3
  min / max              : 1 / 12478
  distribution:
       1 exposure(s):      627,868   97.77%
       2 exposure(s):        6,892    1.07%
       3 exposure(s):        2,107    0.33%
       4 exposure(s):        1,153    0.18%
       5 exposure(s):          702    0.11%
       6 exposure(s):          546    0.09%
       7 exposure(s):          371    0.06%
       8 exposure(s):          290    0.05%
       9 exposure(s):          217    0.03%
      10 exposure(s):          192    0.03%
      11 exposure(s):          139    0.02%
      12 exposure(s):          132    0.02%
    >12 exposures :        1,593    0.25%

context width 32 tokens
  sampled distinct facts : 781,795   -> ~50,034,880 in the base segment
  exposures/fact mean    : 1.04
  median / p90 / p99     : 1 / 1 / 1
  min / max              : 1 / 2662
  distribution:
       1 exposure(s):      776,984   99.38%
       2 exposure(s):        3,184    0.41%
       3 exposure(s):          533    0.07%
       4 exposure(s):          244    0.03%
       5 exposure(s):          147    0.02%
       6 exposure(s):          112    0.01%
       7 exposure(s):           83    0.01%
       8 exposure(s):           45    0.01%
       9 exposure(s):           48    0.01%
      10 exposure(s):           36    0.00%
      11 exposure(s):           32    0.00%
      12 exposure(s):           24    0.00%
    >12 exposures :          323    0.04%

context-width sensitivity (distinct facts; flat => stable rendering):
    0 tokens: 525,338 distinct, 1.55 exposures/fact
    8 tokens: 580,733 distinct, 1.40 exposures/fact
   16 tokens: 642,202 distinct, 1.27 exposures/fact
   32 tokens: 781,795 distinct, 1.04 exposures/fact

wrote /scratch/users/syz/memorysplit-160m-v3/fact-exposure.json
